Baseline copied from tests/golden/pre_m5_disabled on 2025-09-21 05:57:18 Z
