usage: clematis [-h] [--version]

Delegates to scripts/bench_t4.py

positional arguments:
  args Pass-through arguments for scripts/bench_t4.py.

options:
  -h, --help show this help message and exit
  --json JSON output (stable, machine-readable)
  --table Plain table output (no color)
  --quiet suppress non-essential stderr
  --verbose increase stderr verbosity
