usage: clematis demo [--json | --table] [--quiet] [--verbose] [-h]

Delegates to scripts/run_demo.py

options:
  --json JSON output (stable, machine-readable)
  --table Plain table output (no color)
  --quiet suppress non-essential stderr
  --verbose increase stderr verbosity
  -h, --help show this help message and exit
