usage: clematis [-h] [--version]

Delegates to scripts/rotate_logs.py

positional arguments:
  args

options:
  -h, --help show this help message and exit
  --json JSON output (stable, machine-readable)
  --table Plain table output (no color)
  --quiet suppress non-essential stderr
  --verbose increase stderr verbosity
