usage: clematis [-h] [--version]

Clematis umbrella CLI (v0.9.0a2)

options:
  -h, --help show this help message and exit
  --version show program's version number and exit

subcommands:
  <cmd>
  bench-t4 Delegates to scripts/bench_t4.py
  demo Delegates to scripts/
  inspect-snapshot Delegates to scripts/inspect_snapshot.py
  rotate-logs Delegates to scripts/rotate_logs.py
  seed-lance-demo Delegates to scripts/seed_lance_demo.py
  validate Delegates to scripts/

See Operator Guide: docs/operator-guide.md
